Command: /home/pelvira/.espressif/python_env/idf5.5_py3.12_env/bin/python /home/pelvira/esp/esp-idf/tools/idf_monitor.py -p /dev/ttyUSB0 -b 115200 --toolchain-prefix xtensa-esp32-elf- --target esp32 --revision 0 /home/pelvira/Documents/Universidad/7_Septimo_Semestre/SBC/DAS_Detector_Apneas/esp32_proyecto_final/build/esp32_proyecto_final.elf /home/pelvira/Documents/Universidad/7_Septimo_Semestre/SBC/DAS_Detector_Apneas/esp32_proyecto_final/build/bootloader/bootloader.elf -m '/home/pelvira/.espressif/python_env/idf5.5_py3.12_env/bin/python' '/home/pelvira/esp/esp-idf/tools/idf.py'
[0;32mI (136) esp_image: segment 1: paddr=0003163c vadÔøΩets Jul 29 2019 12:21:46[0m

rst:0x1 (POWERON_RESET),boot:0x13 (SPI_FAST_FLASH_BOOT)
configsip: 0, SPIWP:0xee
clk_drv:0x00,q_drv:0x00,d_drv:0x00,cs0_drv:0x00,hd_drv:0x00,wp_drv:0x00
mode:DIO, clock div:2
load:0x3fff0030,len:6380
ho 0 tail 12 room 4
load:0x40078000,len:15916
load:0x40080400,len:3860
entry 0x40080638
[0;32mI (29) boot: ESP-IDF v5.5.1 2nd stage bootloader[0m
[0;32mI (29) boot: compile time Nov 17 2025 12:45:44[0m
[0;32mI (29) boot: Multicore bootloader[0m
[0;32mI (31) boot: chip revision: v3.1[0m
[0;32mI (33) boot.esp32: SPI Speed      : 40MHz[0m
[0;32mI (37) boot.esp32: SPI Mode       : DIO[0m
[0;32mI (41) boot.esp32: SPI Flash Size : 4MB[0m
[0;32mI (44) boot: Enabling RNG early entropy source...[0m
[0;32mI (49) boot: Partition Table:[0m
[0;32mI (51) boot: ## Label            Usage          Type ST Offset   Length[0m
[0;32mI (58) boot:  0 nvs              WiFi data        01 02 00009000 00005000[0m
[0;32mI (64) boot:  1 otadata          OTA data         01 00 0000e000 00002000[0m
[0;32mI (71) boot:  2 phy_init         RF data          01 01 00010000 00001000[0m
[0;32mI (77) boot:  3 factory          factory app      00 00 00020000 00140000[0m
[0;32mI (84) boot:  4 ota_0            OTA app          00 10 00160000 00140000[0m
[0;32mI (90) boot:  5 ota_1            OTA app          00 11 002a0000 00140000[0m
[0;32mI (97) boot: End of partition table[0m
[0;32mI (100) boot: Defaulting to factory image[0m
[0;32mI (104) esp_image: segment 0: paddr=00020020 vaddr=3f400020 size=11614h ( 71188) map[0m
[0;32mI (136) esp_image: segment 1: paddr=0003163c vaddr=3ffbdb60 size=04a68h ( 19048) load[0m
[0;32mI (143) esp_image: segment 2: paddr=000360ac vaddr=40080000 size=09f6ch ( 40812) load[0m
[0;32mI (159) esp_image: segment 3: paddr=00040020 vaddr=400d0020 size=53f34h (343860) map[0m
[0;32mI (277) esp_image: segment 4: paddr=00093f5c vaddr=40089f6c size=0dc0ch ( 56332) load[0m
[0;32mI (299) esp_image: segment 5: paddr=000a1b70 vaddr=50000000 size=00020h (    32) load[0m
[0;32mI (311) boot: Loaded app from partition at offset 0x20000[0m
[0;32mI (311) boot: Disabling RNG early entropy source...[0m
[0;32mI (322) cpu_start: Multicore app[0m
[0;32mI (330) cpu_start: Pro cpu start user code[0m
[0;32mI (330) cpu_start: cpu freq: 160000000 Hz[0m
[0;32mI (330) app_init: Application information:[0m
[0;32mI (330) app_init: Project name:     esp32_proyecto_final[0m
[0;32mI (335) app_init: App version:      2e6a068-dirty[0m
[0;32mI (340) app_init: Compile time:     Nov 17 2025 12:45:41[0m
[0;32mI (345) app_init: ELF file SHA256:  1a62eb42e...[0m
[0;32mI (349) app_init: ESP-IDF:          v5.5.1[0m
[0;32mI (353) efuse_init: Min chip rev:     v0.0[0m
[0;32mI (357) efuse_init: Max chip rev:     v3.99 [0m
[0;32mI (361) efuse_init: Chip rev:         v3.1[0m
[0;32mI (365) heap_init: Initializing. RAM available for dynamic allocation:[0m
[0;32mI (371) heap_init: At 3FFAFF10 len 000000F0 (0 KiB): DRAM[0m
[0;32mI (376) heap_init: At 3FFB6388 len 00001C78 (7 KiB): DRAM[0m
[0;32mI (381) heap_init: At 3FFB9A20 len 00004108 (16 KiB): DRAM[0m
[0;32mI (386) heap_init: At 3FFC5200 len 0001AE00 (107 KiB): DRAM[0m
[0;32mI (391) heap_init: At 3FFE0440 len 00003AE0 (14 KiB): D/IRAM[0m
[0;32mI (397) heap_init: At 3FFE4350 len 0001BCB0 (111 KiB): D/IRAM[0m
[0;32mI (402) heap_init: At 40097B78 len 00008488 (33 KiB): IRAM[0m
[0;33mW (409) spi_flash: Detected boya flash chip but using generic driver. For optimal functionality, enable `SPI_FLASH_SUPPORT_BOYA_CHIP` in menuconfig[0m
[0;32mI (421) spi_flash: detected chip: generic[0m
[0;32mI (424) spi_flash: flash io: dio[0m
[0;32mI (428) coexist: coex firmware version: b0bcc39[0m
[0;32mI (432) main_task: Started on CPU0[0m
[0;32mI (442) main_task: Calling app_main()[0m
[0;32mI (442) MAIN: ==============================[0m
[0;32mI (442) MAIN:      üöÄ SIMULATION MODE[0m
[0;32mI (442) MAIN:    Pulse + IMU + Packetizer[0m
[0;32mI (442) MAIN: ==============================[0m
[0;32mI (452) MAIN: ‚û°Ô∏è Inicializando Bluetooth...[0m
[0;32mI (462) BTDM_INIT: BT controller compile version [722c907][0m
[0;32mI (462) BTDM_INIT: Using main XTAL as clock source[0m
[0;32mI (462) BTDM_INIT: Bluetooth MAC: ec:e3:34:b3:be:72[0m
[0;32mI (472) phy_init: phy_version 4861,b71b5ad,Aug  5 2025,11:16:06[0m
[0;32mI (792) MAIN: ‚û°Ô∏è Inicializando Packet Manager...[0m
[0;32mI (792) PM_NEW: pm_task started[0m
[0;32mI (802) PM_NEW: pm_init done[0m
[0;32mI (802) MAIN: ‚û°Ô∏è Iniciando sensor de pulso SIMULADO...[0m
[0;33mW (802) PULSE_SIM: Pulse simulator started[0m
[0;32mI (802) MAIN: ‚û°Ô∏è Iniciando MPU6050 SIMULADO...[0m
[0;33mW (802) BLE_BIDIRECTIONAL: No hay cliente conectado para notificar binario.[0m
[0;33mW (812) IMU_SIM: Starting IMU simulator...[0m
[0;33mW (822) BLE_BIDIRECTIONAL: No hay cliente conectado para notificar binario.[0m
[0;33mW (822) IMU_SIM: IMU simulator task started[0m
[0;33mW (832) IMU_SIM: Simulated IMU calibration: 50 samples[0m
[0;32mI (832) MAIN: IMU_SIM ‚Üí Ax=0.00 Ay=0.00 Az=9.81 | Gx=0.00 Gy=0.00 Gz=0.00[0m
[0;32mI (832) BLE_BIDIRECTIONAL: Direcci√≥n BLE: EC:E3:34:B3:BE:72[0m
[0;33mW (842) BLE_BIDIRECTIONAL: No hay cliente conectado para notificar binario.[0m
[0;32mI (842) MAIN: PULSE_SIM ‚Üí 621[0m
[0;32mI (852) BLE_BIDIRECTIONAL: üì¢ Advertising iniciado...[0m
[0;33mW (862) BLE_BIDIRECTIONAL: No hay cliente conectado para notificar binario.[0m
[0;33mW (862) BLE_BIDIRECTIONAL: No hay cliente conectado para notificar binario.[0m
[0;33mW (882) BLE_BIDIRECTIONAL: No hay cliente conectado para notificar binario.[0m
[0;33mW (902) BLE_BIDIRECTIONAL: No hay cliente conectado para notificar binario.[0m
[0;33mW (922) BLE_BIDIRECTIONAL: No hay cliente conectado para notificar binario.[0m
[0;33mW (942) BLE_BIDIRECTIONAL: No hay cliente conectado para notificar binario.[0m
[0;33mW (962) BLE_BIDIRECTIONAL: No hay cliente conectado para notificar binario.[0m
[0;33mW (982) BLE_BIDIRECTIONAL: No hay cliente conectado para notificar binario.[0m
[0;33mW (1002) BLE_BIDIRECTIONAL: No hay cliente conectado para notificar binario.[0m
[0;33mW (1022) BLE_BIDIRECTIONAL: No hay cliente conectado para notificar binario.[0m
[0;33mW (1042) BLE_BIDIRECTIONAL: No hay cliente conectado para notificar binario.[0m
[0;33mW (1062) BLE_BIDIRECTIONAL: No hay cliente conectado para notificar binario.[0m
[0;33mW (1082) BLE_BIDIRECTIONAL: No hay cliente conectado para notificar binario.[0m
[0;33mW (1102) BLE_BIDIRECTIONAL: No hay cliente conectado para notificar binario.[0m
[0;33mW (1122) BLE_BIDIRECTIONAL: No hay cliente conectado para notificar binario.[0m
[0;32mI (1132) BLE_BIDIRECTIONAL: ‚úÖ Cliente conectado (handle=0).[0m
[0;32mI (1862) MAIN: IMU_SIM ‚Üí Ax=-0.05 Ay=-0.01 Az=9.83 | Gx=0.33 Gy=0.37 Gz=-0.28[0m
[0;32mI (1862) MAIN: PULSE_SIM ‚Üí 892[0m
[0;32mI (2862) MAIN: IMU_SIM ‚Üí Ax=-0.03 Ay=0.01 Az=9.80 | Gx=-0.67 Gy=-0.49 Gz=0.22[0m
[0;32mI (2862) MAIN: PULSE_SIM ‚Üí 618[0m
[0;32mI (3862) MAIN: IMU_SIM ‚Üí Ax=0.03 Ay=-0.02 Az=9.79 | Gx=0.90 Gy=0.24 Gz=0.08[0m
[0;32mI (3862) MAIN: PULSE_SIM ‚Üí 841[0m
[0;32mI (4862) MAIN: IMU_SIM ‚Üí Ax=0.05 Ay=0.02 Az=9.82 | Gx=-1.00 Gy=0.19 Gz=-0.29[0m
[0;32mI (4862) MAIN: PULSE_SIM ‚Üí 746[0m
[0;32mI (5862) MAIN: IMU_SIM ‚Üí Ax=-0.00 Ay=-0.02 Az=9.82 | Gx=0.95 Gy=-0.48 Gz=0.18[0m
[0;32mI (5862) MAIN: PULSE_SIM ‚Üí 654[0m
[0;32mI (6862) MAIN: IMU_SIM ‚Üí Ax=-0.05 Ay=0.03 Az=9.79 | Gx=-0.75 Gy=0.41 Gz=0.13[0m
[0;32mI (6862) MAIN: PULSE_SIM ‚Üí 898[0m
[0;32mI (7862) MAIN: IMU_SIM ‚Üí Ax=-0.03 Ay=-0.03 Az=9.80 | Gx=0.44 Gy=-0.04 Gz=-0.30[0m
[0;32mI (7862) MAIN: PULSE_SIM ‚Üí 602[0m
[0;32mI (8862) MAIN: IMU_SIM ‚Üí Ax=0.03 Ay=0.03 Az=9.83 | Gx=-0.06 Gy=-0.36 Gz=0.14[0m
[0;32mI (8862) MAIN: PULSE_SIM ‚Üí 832[0m
[0;32mI (9862) MAIN: IMU_SIM ‚Üí Ax=0.04 Ay=-0.03 Az=9.81 | Gx=-0.32 Gy=0.50 Gz=0.18[0m
[0;32mI (9862) MAIN: PULSE_SIM ‚Üí 746[0m
[0;32mI (10862) MAIN: IMU_SIM ‚Üí Ax=-0.01 Ay=0.04 Az=9.79 | Gx=0.66 Gy=-0.26 Gz=-0.30[0m
[0;32mI (10862) MAIN: PULSE_SIM ‚Üí 656[0m
[0;32mI (11862) MAIN: IMU_SIM ‚Üí Ax=-0.05 Ay=-0.04 Az=9.82 | Gx=-0.90 Gy=-0.17 Gz=0.09[0m
[0;32mI (11862) MAIN: PULSE_SIM ‚Üí 888[0m
[0;32mI (12862) MAIN: IMU_SIM ‚Üí Ax=-0.02 Ay=0.04 Az=9.83 | Gx=1.00 Gy=0.47 Gz=0.22[0m
[0;32mI (12862) MAIN: PULSE_SIM ‚Üí 603[0m
[0;32mI (13862) MAIN: IMU_SIM ‚Üí Ax=0.04 Ay=-0.04 Az=9.80 | Gx=-0.95 Gy=-0.43 Gz=-0.28[0m
[0;32mI (13862) MAIN: PULSE_SIM ‚Üí 835[0m
[0;32mI (14862) MAIN: IMU_SIM ‚Üí Ax=0.04 Ay=0.04 Az=9.80 | Gx=0.75 Gy=0.06 Gz=0.03[0m
[0;32mI (14862) MAIN: PULSE_SIM ‚Üí 748[0m
[0;32mI (15862) MAIN: IMU_SIM ‚Üí Ax=-0.01 Ay=-0.04 Az=9.83 | Gx=-0.45 Gy=0.35 Gz=0.25[0m
[0;32mI (15862) MAIN: PULSE_SIM ‚Üí 656[0m
[0;32mI (16862) MAIN: IMU_SIM ‚Üí Ax=-0.05 Ay=0.04 Az=9.81 | Gx=0.07 Gy=-0.50 Gz=-0.26[0m
[0;32mI (16862) MAIN: PULSE_SIM ‚Üí 894[0m
[0;32mI (17862) MAIN: IMU_SIM ‚Üí Ax=-0.01 Ay=-0.04 Az=9.79 | Gx=0.31 Gy=0.28 Gz=-0.02[0m
[0;32mI (17862) MAIN: PULSE_SIM ‚Üí 616[0m
[0;32mI (18862) MAIN: IMU_SIM ‚Üí Ax=0.04 Ay=0.04 Az=9.81 | Gx=-0.65 Gy=0.15 Gz=0.28[0m
[0;32mI (18862) MAIN: PULSE_SIM ‚Üí 839[0m
[0;32mI (19862) MAIN: IMU_SIM ‚Üí Ax=0.04 Ay=-0.03 Az=9.83 | Gx=0.89 Gy=-0.46 Gz=-0.22[0m
[0;32mI (19862) MAIN: PULSE_SIM ‚Üí 750[0m
[0;32mI (20862) MAIN: IMU_SIM ‚Üí Ax=-0.02 Ay=0.03 Az=9.80 | Gx=-1.00 Gy=0.44 Gz=-0.08[0m
[0;32mI (20862) MAIN: PULSE_SIM ‚Üí 664[0m
[0;32mI (21862) MAIN: IMU_SIM ‚Üí Ax=-0.05 Ay=-0.03 Az=9.79 | Gx=0.95 Gy=-0.08 Gz=0.29[0m
[0;32mI (21862) MAIN: PULSE_SIM ‚Üí 889[0m
